[nva.nirmanavisual.com/pemogan/template-kit/home/index.html]
[nva.nirmanavisual.com/pemogan/template-kit/services/index.html]
[nva.nirmanavisual.com/pemogan/template-kit/service-detail/index.html]
[nva.nirmanavisual.com/pemogan/template-kit/about-us/index.html]
[nva.nirmanavisual.com/pemogan/template-kit/testimonial/index.html]
[backblue.gif]
[fade.gif]
[index.html]
[nva.nirmanavisual.com/pemogan/template-kit/our-team/index.html]
[nva.nirmanavisual.com/pemogan/wp-content/plugins/header-footer-elementor/inc/widgets-css/frontendad2f.css]
[nva.nirmanavisual.com/pemogan/template-kit/contacts/index.html]
[nva.nirmanavisual.com/pemogan/template-kit/faq/index.html]
[nva.nirmanavisual.com/pemogan/wp-content/plugins/premium-addons-for-elementor/assets/frontend/min-css/premium-addons.min99bd.css]
[nva.nirmanavisual.com/pemogan/wp-content/plugins/jeg-elementor-kit/assets/css/elements/main32bb.css]
[nva.nirmanavisual.com/pemogan/wp-content/plugins/elementor/assets/lib/font-awesome/css/all.mine351.css]
[nva.nirmanavisual.com/pemogan/wp-content/plugins/elementor/assets/lib/font-awesome/css/regular.mine351.css]
[nva.nirmanavisual.com/pemogan/wp-content/plugins/themesflat-addons-for-elementor/assets/css/tf-header-footere351.css]
[nva.nirmanavisual.com/pemogan/wp-content/plugins/events-addon-for-elementor/assets/css/niche-frame5152.css]
[nva.nirmanavisual.com/pemogan/wp-content/plugins/elementor/assets/lib/font-awesome/css/font-awesome.min1849.css]
[nva.nirmanavisual.com/pemogan/wp-content/plugins/events-addon-for-elementor/assets/css/animate.minf3df.css]
[nva.nirmanavisual.com/pemogan/wp-content/plugins/events-addon-for-elementor/assets/css/themify-icons.min8a54.css]
[nva.nirmanavisual.com/pemogan/wp-content/plugins/events-addon-for-elementor/assets/css/linea.min8a54.css]
[nva.nirmanavisual.com/pemogan/wp-content/plugins/themesflat-addons-for-elementor/assets/css/magnific.popupe351.css]
[nva.nirmanavisual.com/pemogan/wp-content/plugins/themesflat-addons-for-elementor/assets/css/owl.carousele351.css]
[nva.nirmanavisual.com/pemogan/wp-content/plugins/events-addon-for-elementor/assets/css/juxtapose5152.css]
[nva.nirmanavisual.com/pemogan/wp-content/plugins/events-addon-for-elementor/assets/css/stylesef6d.css]
[nva.nirmanavisual.com/pemogan/wp-content/plugins/events-addon-for-elementor/assets/css/responsiveef6d.css]
[nva.nirmanavisual.com/pemogan/wp-content/plugins/rometheme-for-elementor/widgets/assets/css/offcanvas1f22.css]
[nva.nirmanavisual.com/pemogan/wp-content/plugins/rometheme-for-elementor/widgets/assets/css/navmenu1f22.css]
[nva.nirmanavisual.com/pemogan/wp-content/plugins/rometheme-for-elementor/widgets/assets/css/rkit-navmenu1f22.css]
[nva.nirmanavisual.com/pemogan/wp-content/plugins/rometheme-for-elementor/widgets/assets/css/search1f22.css]
[nva.nirmanavisual.com/pemogan/wp-content/plugins/rometheme-for-elementor/widgets/assets/css/rkit-blog-post1f22.css]
[nva.nirmanavisual.com/pemogan/wp-content/plugins/rometheme-for-elementor/widgets/assets/css/rkit-post-block1f22.css]
[nva.nirmanavisual.com/pemogan/wp-content/plugins/rometheme-for-elementor/widgets/assets/css/cta1f22.css]
[nva.nirmanavisual.com/pemogan/wp-content/plugins/rometheme-for-elementor/widgets/assets/css/blockquote1f22.css]
[nva.nirmanavisual.com/pemogan/wp-content/plugins/rometheme-for-elementor/widgets/assets/css/social_share1f22.css]
[nva.nirmanavisual.com/pemogan/wp-content/plugins/rometheme-for-elementor/widgets/assets/css/social_icon1f22.css]
[nva.nirmanavisual.com/pemogan/wp-content/plugins/rometheme-for-elementor/widgets/assets/css/rkit_team1f22.css]
[nva.nirmanavisual.com/pemogan/wp-content/plugins/rometheme-for-elementor/widgets/assets/css/running_text1f22.css]
[nva.nirmanavisual.com/pemogan/wp-content/plugins/rometheme-for-elementor/widgets/assets/css/animated_heading1f22.css]
[nva.nirmanavisual.com/pemogan/wp-content/plugins/rometheme-for-elementor/widgets/assets/css/card_slider1f22.css]
[nva.nirmanavisual.com/pemogan/wp-content/plugins/rometheme-for-elementor/widgets/assets/css/accordion1f22.css]
[nva.nirmanavisual.com/pemogan/wp-content/plugins/rometheme-for-elementor/widgets/assets/css/testimonial_carousel1f22.css]
[nva.nirmanavisual.com/pemogan/wp-content/plugins/rometheme-for-elementor/widgets/assets/css/swiper-bundle.min1f22.css]
[nva.nirmanavisual.com/pemogan/wp-content/plugins/rometheme-for-elementor/widgets/assets/css/tabs1f22.css]
[nva.nirmanavisual.com/pemogan/wp-content/plugins/rometheme-for-elementor/widgets/assets/css/progress-bar1f22.css]
[nva.nirmanavisual.com/pemogan/wp-content/plugins/rometheme-for-elementor/widgets/assets/css/counter1f22.css]
[nva.nirmanavisual.com/pemogan/wp-content/plugins/rometheme-for-elementor/widgets/assets/css/countdown1f22.css]
[nva.nirmanavisual.com/pemogan/wp-content/plugins/rometheme-for-elementor/widgets/assets/css/pricelist1f22.css]
[nva.nirmanavisual.com/pemogan/wp-content/plugins/rometheme-for-elementor/widgets/assets/css/advanced_heading1f22.css]
[nva.nirmanavisual.com/pemogan/wp-content/plugins/rometheme-for-elementor/widgets/assets/css/image_comparison1f22.css]
[nva.nirmanavisual.com/pemogan/wp-content/plugins/rometheme-for-elementor/widgets/assets/css/postlist1f22.css]
[nva.nirmanavisual.com/pemogan/wp-content/plugins/rometheme-for-elementor/widgets/assets/css/pricingbox1f22.css]
[nva.nirmanavisual.com/pemogan/wp-content/plugins/rometheme-for-elementor/widgets/assets/css/image_box1f22.css]
[nva.nirmanavisual.com/pemogan/wp-content/plugins/rometheme-for-elementor/widgets/assets/css/image_accordion1f22.css]
[nva.nirmanavisual.com/pemogan/wp-content/plugins/rometheme-for-elementor/widgets/assets/css/dual_button1f22.css]
[nva.nirmanavisual.com/pemogan/wp-content/plugins/rometheme-for-elementor/widgets/assets/css/image_gallery1f22.css]
[nva.nirmanavisual.com/pemogan/wp-content/plugins/rometheme-for-elementor/widgets/assets/css/home_slider1f22.css]
[nva.nirmanavisual.com/pemogan/wp-content/plugins/rometheme-for-elementor/widgets/assets/css/woo_product_grid1f22.css]
[nva.nirmanavisual.com/pemogan/wp-content/plugins/rometheme-for-elementor/widgets/assets/css/client_grid1f22.css]
[nva.nirmanavisual.com/pemogan/wp-content/plugins/rometheme-for-elementor/widgets/assets/css/back_to_top1f22.css]
[nva.nirmanavisual.com/pemogan/wp-content/plugins/rometheme-for-elementor/widgets/assets/css/video_button1f22.css]
[nva.nirmanavisual.com/pemogan/wp-content/plugins/rometheme-for-elementor/widgets/assets/css/glightbox.min1f22.css]
[nva.nirmanavisual.com/pemogan/wp-content/plugins/rometheme-for-elementor/assets/css/rkit1f22.css]
[nva.nirmanavisual.com/pemogan/wp-content/plugins/template-kit-export/assets/public/template-kit-export-public982a.css]
[nva.nirmanavisual.com/pemogan/wp-content/plugins/woocommerce/assets/css/woocommerce-layoutc650.css]
[nva.nirmanavisual.com/pemogan/wp-content/plugins/woocommerce/assets/css/woocommerce-smallscreenc650.css]
[nva.nirmanavisual.com/pemogan/wp-content/plugins/woocommerce/assets/css/woocommercec650.css]
[nva.nirmanavisual.com/pemogan/wp-content/plugins/header-footer-elementor/assets/css/header-footer-elementorad2f.css]
[nva.nirmanavisual.com/pemogan/wp-content/plugins/elementor/assets/css/frontend.min242d.css]
[nva.nirmanavisual.com/pemogan/wp-content/uploads/sites/38/elementor/css/post-399b4.css]
[nva.nirmanavisual.com/pemogan/wp-content/plugins/rometheme-for-elementor/assets/css/tooltip1f22.css]
[nva.nirmanavisual.com/pemogan/wp-content/plugins/jetsticky-for-elementor/assets/css/jet-sticky-frontend4b68.css]
[nva.nirmanavisual.com/pemogan/wp-content/plugins/elementor/assets/css/widget-heading.min242d.css]
[nva.nirmanavisual.com/pemogan/wp-content/plugins/elementor/assets/css/widget-icon-list.min242d.css]
[nva.nirmanavisual.com/pemogan/wp-content/plugins/elementor/assets/css/widget-icon-box.min242d.css]
[nva.nirmanavisual.com/pemogan/wp-content/plugins/elementor/assets/css/widget-counter.min242d.css]
[nva.nirmanavisual.com/pemogan/wp-content/plugins/elementor/assets/css/widget-image.min242d.css]
[nva.nirmanavisual.com/pemogan/wp-content/plugins/elementor/assets/lib/animations/styles/e-animation-shrink.min242d.css]
[nva.nirmanavisual.com/pemogan/wp-content/plugins/elementor/assets/css/widget-nested-tabs.min242d.css]
[nva.nirmanavisual.com/pemogan/wp-content/uploads/sites/38/elementor/css/post-412665.css]
[nva.nirmanavisual.com/pemogan/wp-content/uploads/sites/38/elementor/css/post-592ae.css]
[nva.nirmanavisual.com/pemogan/wp-content/uploads/sites/38/elementor/css/post-792ae.css]
[nva.nirmanavisual.com/pemogan/wp-content/plugins/woocommerce/assets/css/brandsc650.css]
[nva.nirmanavisual.com/pemogan/wp-content/plugins/metform/public/assets/css/metform-ui5fc8.css]
[nva.nirmanavisual.com/pemogan/wp-content/plugins/metform/public/assets/css/style5fc8.css]
[nva.nirmanavisual.com/pemogan/wp-content/plugins/metform/public/assets/lib/cute-alert/style5fc8.css]
[nva.nirmanavisual.com/pemogan/wp-content/plugins/metform/public/assets/css/text-editor5fc8.css]
[nva.nirmanavisual.com/pemogan/wp-content/themes/hello-elementor/assets/css/resetedb1.css]
[nva.nirmanavisual.com/pemogan/wp-content/themes/hello-elementor/assets/css/themeedb1.css]
[nva.nirmanavisual.com/pemogan/wp-content/themes/hello-elementor/assets/css/header-footeredb1.css]
[nva.nirmanavisual.com/pemogan/wp-content/plugins/elementor/assets/lib/eicons/css/elementor-icons.min705c.css]
[nva.nirmanavisual.com/pemogan/wp-content/plugins/elementor/assets/css/widget-icon-list.min44b4.css]
[nva.nirmanavisual.com/pemogan/wp-content/plugins/elementor/assets/css/widget-social-icons.min2401.css]
[nva.nirmanavisual.com/pemogan/wp-content/plugins/elementor/assets/lib/font-awesome/css/brands52d5.css]
[nva.nirmanavisual.com/pemogan/wp-content/plugins/elementor/assets/lib/font-awesome/css/fontawesome52d5.css]
[nva.nirmanavisual.com/pemogan/wp-content/plugins/elementor/assets/lib/font-awesome/css/solid52d5.css]
[nva.nirmanavisual.com/pemogan/wp-content/plugins/elementskit-lite/widgets/init/assets/css/responsivea7a0.css]
[nva.nirmanavisual.com/pemogan/wp-content/plugins/elementskit-lite/widgets/init/assets/css/widget-stylesa7a0.css]
[nva.nirmanavisual.com/pemogan/wp-content/uploads/sites/38/elementor/google-fonts/css/instrumentsans3f6d.css]
[nva.nirmanavisual.com/pemogan/wp-content/uploads/sites/38/elementor/google-fonts/css/inter51e5.css]
[nva.nirmanavisual.com/pemogan/wp-content/plugins/elementskit-lite/modules/elementskit-icon-pack/assets/css/ekiticonsa7a0.css]
[nva.nirmanavisual.com/pemogan/wp-content/plugins/jeg-elementor-kit/assets/fonts/jkiticon/jkiticon32bb.css]
[nva.nirmanavisual.com/pemogan/wp-includes/js/jquery/jquery-migrate.min5589.js]
[nva.nirmanavisual.com/pemogan/wp-includes/js/jquery/jquery.minf43b.js]
[nva.nirmanavisual.com/pemogan/wp-content/plugins/rometheme-for-elementor/widgets/assets/js/card_slider1f22.js]
[nva.nirmanavisual.com/pemogan/wp-content/plugins/rometheme-for-elementor/widgets/assets/js/animated_heading1f22.js]
[nva.nirmanavisual.com/pemogan/wp-content/plugins/rometheme-for-elementor/widgets/assets/js/accordion1f22.js]
[nva.nirmanavisual.com/pemogan/wp-content/plugins/rometheme-for-elementor/widgets/assets/js/bar_chart1f22.js]
[nva.nirmanavisual.com/pemogan/wp-content/plugins/rometheme-for-elementor/widgets/assets/js/line_chart1f22.js]
[nva.nirmanavisual.com/pemogan/wp-content/plugins/rometheme-for-elementor/widgets/assets/js/pie_chart1f22.js]
[nva.nirmanavisual.com/pemogan/wp-content/plugins/rometheme-for-elementor/widgets/assets/js/swiper-bundle.min1f22.js]
[nva.nirmanavisual.com/pemogan/wp-content/plugins/template-kit-export/assets/public/template-kit-export-public982a.js]
[nva.nirmanavisual.com/pemogan/wp-content/plugins/woocommerce/assets/js/jquery-blockui/jquery.blockUI.min8c4e.js]
[nva.nirmanavisual.com/pemogan/wp-content/plugins/woocommerce/assets/js/frontend/add-to-cart.minc650.js]
[nva.nirmanavisual.com/pemogan/wp-content/plugins/woocommerce/assets/js/js-cookie/js.cookie.minc436.js]
[nva.nirmanavisual.com/pemogan/wp-content/plugins/woocommerce/assets/js/frontend/woocommerce.minc650.js]
[nva.nirmanavisual.com/pemogan/wp-content/uploads/sites/38/2025/08/Image-Laptop-Hiro-Pemogan-1.png]
[nva.nirmanavisual.com/pemogan/wp-content/uploads/sites/38/2025/08/Image-Evaluation-Design-Pemogan-3-1.png]
[nva.nirmanavisual.com/pemogan/wp-content/uploads/sites/38/2025/08/Image-Evaluation-Design-Pemogan-4-1.png]
[nva.nirmanavisual.com/pemogan/wp-content/uploads/sites/38/2025/08/Image-Industry-1.png]
[nva.nirmanavisual.com/pemogan/wp-content/uploads/sites/38/2025/08/Image-Industry-2.png]
[nva.nirmanavisual.com/pemogan/wp-content/uploads/sites/38/2025/08/Image-Industry-3.png]
[nva.nirmanavisual.com/pemogan/wp-content/uploads/sites/38/2025/08/Image-Why-Choose-Us-1-1.png]
[nva.nirmanavisual.com/pemogan/wp-content/uploads/sites/38/2025/08/Image-Why-Choose-Us-2-1.png]
[nva.nirmanavisual.com/pemogan/wp-content/uploads/sites/38/2025/08/Image-Why-Choose-Us-3-1.png]
[nva.nirmanavisual.com/pemogan/wp-content/uploads/sites/38/2025/08/Image-Case-Studies-1.png]
[nva.nirmanavisual.com/pemogan/wp-content/uploads/sites/38/2025/08/Image-Case-Studies-2.png]
[nva.nirmanavisual.com/pemogan/wp-content/uploads/sites/38/2025/08/Image-Teams-Pemogan-1-1024x467.png]
[nva.nirmanavisual.com/pemogan/wp-content/uploads/sites/38/2025/08/Image-Phone-Our-Approach-1.png]
[nva.nirmanavisual.com/pemogan/wp-content/uploads/sites/38/2025/08/Image-Testimonial-Pemogan-2.png]
[nva.nirmanavisual.com/pemogan/wp-content/uploads/sites/38/2025/08/Image-Testimonial-Pemogan-3-1.png]
[nva.nirmanavisual.com/pemogan/wp-content/uploads/sites/38/2025/08/Image-Testimonial-Pemogan-1.png]
[nva.nirmanavisual.com/pemogan/wp-content/uploads/sites/38/2025/08/Image-Contact-Pemogan-1.png]
[nva.nirmanavisual.com/pemogan/wp-content/plugins/woocommerce/assets/client/blocks/wc-blocks9652.css]
[nva.nirmanavisual.com/pemogan/wp-content/plugins/elementor/assets/lib/font-awesome/css/all.min99bd.css]
[nva.nirmanavisual.com/pemogan/wp-content/plugins/elementor/assets/lib/font-awesome/css/v4-shims.min242d.css]
[nva.nirmanavisual.com/pemogan/wp-content/uploads/sites/38/elementor/css/post-2951304.css]
[nva.nirmanavisual.com/pemogan/wp-content/plugins/elementor/assets/css/widget-social-icons.min242d.css]
[nva.nirmanavisual.com/pemogan/wp-content/plugins/elementor/assets/css/conditionals/apple-webkit.min242d.css]
[nva.nirmanavisual.com/pemogan/wp-content/plugins/rometheme-for-elementor/widgets/assets/js/offcanvas1f22.js]
[nva.nirmanavisual.com/pemogan/wp-content/plugins/rometheme-for-elementor/widgets/assets/js/navmenu1f22.js]
[nva.nirmanavisual.com/pemogan/wp-content/plugins/rometheme-for-elementor/widgets/assets/js/rkit-navmenu1f22.js]
[nva.nirmanavisual.com/pemogan/wp-content/plugins/rometheme-for-elementor/widgets/assets/js/social_share1f22.js]
[nva.nirmanavisual.com/pemogan/wp-content/plugins/rometheme-for-elementor/widgets/assets/js/running_text1f22.js]
[cdnjs.cloudflare.com/ajax/libs/Chart.js/3.5.1/chart.min1f22.js]
[nva.nirmanavisual.com/pemogan/wp-content/plugins/rometheme-for-elementor/widgets/assets/js/testimonial_carousel1f22.js]
[nva.nirmanavisual.com/pemogan/wp-content/plugins/rometheme-for-elementor/widgets/assets/js/tabs1f22.js]
[nva.nirmanavisual.com/pemogan/wp-content/plugins/rometheme-for-elementor/widgets/assets/js/progress1f22.js]
[nva.nirmanavisual.com/pemogan/wp-content/plugins/rometheme-for-elementor/widgets/assets/js/counter1f22.js]
[nva.nirmanavisual.com/pemogan/wp-content/plugins/rometheme-for-elementor/widgets/assets/js/countdown1f22.js]
[nva.nirmanavisual.com/pemogan/wp-content/plugins/rometheme-for-elementor/widgets/assets/js/image_comparison1f22.js]
[nva.nirmanavisual.com/pemogan/wp-content/plugins/rometheme-for-elementor/widgets/assets/js/image_accordion1f22.js]
[nva.nirmanavisual.com/pemogan/wp-content/plugins/rometheme-for-elementor/widgets/assets/js/image_gallery1f22.js]
[nva.nirmanavisual.com/pemogan/wp-content/plugins/rometheme-for-elementor/widgets/assets/js/masonry.pkgd.min1f22.js]
[nva.nirmanavisual.com/pemogan/wp-content/plugins/rometheme-for-elementor/widgets/assets/js/imagesloaded.pkgd.min1f22.js]
[nva.nirmanavisual.com/pemogan/wp-content/plugins/rometheme-for-elementor/widgets/assets/js/home_slider1f22.js]
[nva.nirmanavisual.com/pemogan/wp-content/plugins/rometheme-for-elementor/widgets/assets/js/back_to_top1f22.js]
[nva.nirmanavisual.com/pemogan/wp-content/plugins/rometheme-for-elementor/widgets/assets/js/glightbox.min1f22.js]
[nva.nirmanavisual.com/pemogan/wp-content/plugins/rometheme-for-elementor/widgets/assets/js/video_button1f22.js]
[nva.nirmanavisual.com/pemogan/wp-content/plugins/themesflat-addons-for-elementor/assets/js/swiper.mine351.js]
[nva.nirmanavisual.com/pemogan/wp-content/plugins/themesflat-addons-for-elementor/assets/js/anime.mine351.js]
[nva.nirmanavisual.com/pemogan/wp-content/plugins/themesflat-addons-for-elementor/assets/js/textanimatione351.js]
[nva.nirmanavisual.com/pemogan/wp-includes/js/imagesloaded.minbb93.js]
[nva.nirmanavisual.com/pemogan/wp-content/plugins/themesflat-addons-for-elementor/assets/js/magnific.popup.mine351.js]
[nva.nirmanavisual.com/pemogan/wp-content/plugins/events-addon-for-elementor/assets/js/juxtaposecfa9.js]
[nva.nirmanavisual.com/pemogan/wp-content/plugins/events-addon-for-elementor/assets/js/typed.min3c89.js]
[nva.nirmanavisual.com/pemogan/wp-content/plugins/themesflat-addons-for-elementor/assets/js/owl.carousel.mine351.js]
[nva.nirmanavisual.com/pemogan/wp-content/plugins/events-addon-for-elementor/assets/js/jquery.countdown.min1f22.js]
[nva.nirmanavisual.com/pemogan/wp-content/plugins/events-addon-for-elementor/assets/js/jquery.matchHeight.min230a.js]
[nva.nirmanavisual.com/pemogan/wp-content/plugins/events-addon-for-elementor/assets/js/isotope.min41fe.js]
[nva.nirmanavisual.com/pemogan/wp-content/plugins/events-addon-for-elementor/assets/js/packery-mode.pkgd.min7406.js]
[nva.nirmanavisual.com/pemogan/wp-content/plugins/events-addon-for-elementor/assets/js/theia-sticky-sidebar.minef6d.js]
[nva.nirmanavisual.com/pemogan/wp-content/plugins/events-addon-for-elementor/assets/js/scriptsef6d.js]
[nva.nirmanavisual.com/pemogan/wp-content/plugins/elementor/assets/js/webpack.runtime.min242d.js]
[nva.nirmanavisual.com/pemogan/wp-content/plugins/elementor/assets/js/frontend-modules.min242d.js]
[nva.nirmanavisual.com/pemogan/wp-includes/js/jquery/ui/core.minb37e.js]
[nva.nirmanavisual.com/pemogan/wp-content/plugins/elementor/assets/js/frontend.min242d.js]
[nva.nirmanavisual.com/pemogan/wp-content/plugins/elementor/assets/lib/jquery-numerator/jquery-numerator.min3958.js]
[nva.nirmanavisual.com/pemogan/wp-content/plugins/metform/public/assets/js/htm5fc8.js]
[nva.nirmanavisual.com/pemogan/wp-includes/js/dist/vendor/react.mine1ab.js]
[nva.nirmanavisual.com/pemogan/wp-includes/js/dist/vendor/react-dom.mine1ab.js]
[nva.nirmanavisual.com/pemogan/wp-includes/js/dist/escape-html.min3a9d.js]
[nva.nirmanavisual.com/pemogan/wp-includes/js/dist/element.minfa0f.js]
[nva.nirmanavisual.com/pemogan/wp-content/plugins/metform/public/assets/lib/cute-alert/cute-alert5fc8.js]
[nva.nirmanavisual.com/pemogan/wp-content/plugins/metform/public/assets/js/app5fc8.js]
[nva.nirmanavisual.com/pemogan/wp-content/themes/hello-elementor/assets/js/hello-frontendedb1.js]
[nva.nirmanavisual.com/pemogan/wp-content/plugins/elementskit-lite/libs/framework/assets/js/frontend-scripta7a0.js]
[nva.nirmanavisual.com/pemogan/wp-content/plugins/elementskit-lite/widgets/init/assets/js/widget-scriptsa7a0.js]
[nva.nirmanavisual.com/pemogan/wp-content/plugins/woocommerce/assets/js/sourcebuster/sourcebuster.minc650.js]
[nva.nirmanavisual.com/pemogan/wp-content/plugins/woocommerce/assets/js/frontend/order-attribution.minc650.js]
[nva.nirmanavisual.com/pemogan/wp-content/plugins/jeg-elementor-kit/assets/js/elements/sticky-element32bb.js]
[nva.nirmanavisual.com/pemogan/wp-content/plugins/header-footer-elementor/inc/js/frontendad2f.js]
[nva.nirmanavisual.com/pemogan/wp-content/plugins/elementor/assets/lib/font-awesome/js/v4-shims.min242d.js]
[nva.nirmanavisual.com/pemogan/wp-content/plugins/jetsticky-for-elementor/assets/js/lib/ResizeSensor.min7d4c.js]
[nva.nirmanavisual.com/pemogan/wp-content/plugins/jetsticky-for-elementor/assets/js/lib/sticky-sidebar/sticky-sidebar.min3d36.js]
[nva.nirmanavisual.com/pemogan/wp-content/plugins/jetsticky-for-elementor/assets/js/lib/jsticky/jquery.jstickyf488.js]
[nva.nirmanavisual.com/pemogan/wp-content/plugins/jetsticky-for-elementor/assets/js/jet-sticky-frontend4b68.js]
[nva.nirmanavisual.com/pemogan/wp-content/plugins/elementskit-lite/widgets/init/assets/js/animate-circle.mina7a0.js]
[nva.nirmanavisual.com/pemogan/wp-content/plugins/elementskit-lite/widgets/init/assets/js/elementora7a0.js]
[nva.nirmanavisual.com/pemogan/wp-content/plugins/events-addon-for-elementor/elementor/js/naevents-elementord0db.js]
[nva.nirmanavisual.com/pemogan/template-kit/home/index.html]
[nva.nirmanavisual.com/pemogan/wp-content/plugins/events-addon-for-elementor/assets/js/Chart.mind315.js]
[nva.nirmanavisual.com/pemogan/wp-content/uploads/sites/38/elementor/css/post-395295.css]
[nva.nirmanavisual.com/pemogan/template-kit/services/index.html]
[nva.nirmanavisual.com/pemogan/wp-content/plugins/events-addon-for-elementor/elementor/js/naevents-elementorf11a.js]
[nva.nirmanavisual.com/pemogan/wp-content/uploads/sites/38/elementor/css/post-37febc.css]
[nva.nirmanavisual.com/pemogan/template-kit/service-detail/index.html]
[nva.nirmanavisual.com/pemogan/wp-content/plugins/events-addon-for-elementor/elementor/js/naevents-elementor1db0.js]
[nva.nirmanavisual.com/pemogan/wp-content/uploads/sites/38/elementor/css/post-275dc5.css]
[nva.nirmanavisual.com/pemogan/wp-content/uploads/sites/38/2025/08/About-Us-Image-4-Pemogan.png]
[nva.nirmanavisual.com/pemogan/wp-content/uploads/sites/38/2025/08/About-Us-Image-5-Pemogan.png]
[nva.nirmanavisual.com/pemogan/template-kit/about-us/index.html]
[nva.nirmanavisual.com/pemogan/wp-content/plugins/events-addon-for-elementor/elementor/js/naevents-elementorfa69.js]
[nva.nirmanavisual.com/pemogan/wp-content/plugins/elementor/assets/css/widget-nested-accordion.min242d.css]
[nva.nirmanavisual.com/pemogan/wp-content/uploads/sites/38/elementor/css/post-259cba.css]
[nva.nirmanavisual.com/pemogan/template-kit/testimonial/index.html]
[nva.nirmanavisual.com/pemogan/wp-content/plugins/events-addon-for-elementor/elementor/js/naevents-elementorcad4.js]
[nva.nirmanavisual.com/pemogan/wp-content/uploads/sites/38/elementor/css/post-23a3b3.css]
[nva.nirmanavisual.com/pemogan/wp-content/plugins/events-addon-for-elementor/elementor/js/naevents-elementorefef.js]
[nva.nirmanavisual.com/pemogan/template-kit/our-team/index.html]
[nva.nirmanavisual.com/pemogan/wp-content/uploads/sites/38/elementor/css/post-21cbba.css]
[nva.nirmanavisual.com/pemogan/template-kit/faq/index.html]
[nva.nirmanavisual.com/pemogan/wp-content/plugins/events-addon-for-elementor/elementor/js/naevents-elementorb3ec.js]
[nva.nirmanavisual.com/pemogan/wp-content/uploads/sites/38/elementor/css/post-11fd47.css]
[nva.nirmanavisual.com/pemogan/template-kit/contacts/index.html]
[nva.nirmanavisual.com/pemogan/wp-content/plugins/header-footer-elementor/inc/widgets-css/frontendad2f.css]
[nva.nirmanavisual.com/pemogan/wp-content/plugins/events-addon-for-elementor/elementor/js/naevents-elementore72e.js]
[nva.nirmanavisual.com/pemogan/wp-content/plugins/premium-addons-for-elementor/assets/frontend/min-css/premium-addons.min99bd.css]
[nva.nirmanavisual.com/pemogan/wp-content/plugins/jeg-elementor-kit/assets/css/elements/main32bb.css]
[nva.nirmanavisual.com/pemogan/wp-content/plugins/elementor/assets/lib/font-awesome/css/all.mine351.css]
[nva.nirmanavisual.com/pemogan/wp-content/plugins/elementor/assets/lib/font-awesome/css/regular.mine351.css]
[nva.nirmanavisual.com/pemogan/wp-content/plugins/themesflat-addons-for-elementor/assets/css/tf-header-footere351.css]
[nva.nirmanavisual.com/pemogan/wp-content/plugins/events-addon-for-elementor/assets/css/niche-frame5152.css]
[nva.nirmanavisual.com/pemogan/wp-content/plugins/elementor/assets/lib/font-awesome/css/font-awesome.min1849.css]
[nva.nirmanavisual.com/pemogan/wp-content/plugins/events-addon-for-elementor/assets/css/animate.minf3df.css]
[nva.nirmanavisual.com/pemogan/wp-content/plugins/events-addon-for-elementor/assets/css/themify-icons.min8a54.css]
[nva.nirmanavisual.com/pemogan/wp-content/plugins/events-addon-for-elementor/assets/css/linea.min8a54.css]
[nva.nirmanavisual.com/pemogan/wp-content/plugins/themesflat-addons-for-elementor/assets/css/magnific.popupe351.css]
[nva.nirmanavisual.com/pemogan/wp-content/plugins/themesflat-addons-for-elementor/assets/css/owl.carousele351.css]
[nva.nirmanavisual.com/pemogan/wp-content/plugins/events-addon-for-elementor/assets/css/juxtapose5152.css]
[nva.nirmanavisual.com/pemogan/wp-content/plugins/events-addon-for-elementor/assets/css/stylesef6d.css]
[nva.nirmanavisual.com/pemogan/wp-content/plugins/events-addon-for-elementor/assets/css/responsiveef6d.css]
[nva.nirmanavisual.com/pemogan/wp-content/plugins/rometheme-for-elementor/widgets/assets/css/offcanvas1f22.css]
[nva.nirmanavisual.com/pemogan/wp-content/plugins/rometheme-for-elementor/widgets/assets/css/navmenu1f22.css]
[nva.nirmanavisual.com/pemogan/wp-content/plugins/rometheme-for-elementor/widgets/assets/css/headerinfo1f22.css]
[nva.nirmanavisual.com/pemogan/wp-content/plugins/rometheme-for-elementor/widgets/assets/css/rkit-navmenu1f22.css]
[nva.nirmanavisual.com/pemogan/wp-content/plugins/rometheme-for-elementor/widgets/assets/css/search1f22.css]
[nva.nirmanavisual.com/pemogan/wp-content/plugins/rometheme-for-elementor/widgets/assets/css/site_logo1f22.css]
[nva.nirmanavisual.com/pemogan/wp-content/plugins/rometheme-for-elementor/widgets/assets/css/rkit-blog-post1f22.css]
[nva.nirmanavisual.com/pemogan/wp-content/plugins/rometheme-for-elementor/widgets/assets/css/rkit-post-block1f22.css]
[nva.nirmanavisual.com/pemogan/wp-content/plugins/rometheme-for-elementor/widgets/assets/css/cta1f22.css]
[nva.nirmanavisual.com/pemogan/wp-content/plugins/rometheme-for-elementor/widgets/assets/css/blockquote1f22.css]
[nva.nirmanavisual.com/pemogan/wp-content/plugins/rometheme-for-elementor/widgets/assets/css/social_share1f22.css]
[nva.nirmanavisual.com/pemogan/wp-content/plugins/rometheme-for-elementor/widgets/assets/css/social_icon1f22.css]
[nva.nirmanavisual.com/pemogan/wp-content/plugins/rometheme-for-elementor/widgets/assets/css/rkit_team1f22.css]
[nva.nirmanavisual.com/pemogan/wp-content/plugins/rometheme-for-elementor/widgets/assets/css/running_text1f22.css]
[nva.nirmanavisual.com/pemogan/wp-content/plugins/rometheme-for-elementor/widgets/assets/css/animated_heading1f22.css]
[nva.nirmanavisual.com/pemogan/wp-content/plugins/rometheme-for-elementor/widgets/assets/css/card_slider1f22.css]
[nva.nirmanavisual.com/pemogan/wp-content/plugins/rometheme-for-elementor/widgets/assets/css/accordion1f22.css]
[nva.nirmanavisual.com/pemogan/wp-content/plugins/rometheme-for-elementor/widgets/assets/css/testimonial_carousel1f22.css]
[nva.nirmanavisual.com/pemogan/wp-content/plugins/rometheme-for-elementor/widgets/assets/css/swiper-bundle.min1f22.css]
[nva.nirmanavisual.com/pemogan/wp-content/plugins/rometheme-for-elementor/widgets/assets/css/tabs1f22.css]
[nva.nirmanavisual.com/pemogan/wp-content/plugins/rometheme-for-elementor/widgets/assets/css/progress-bar1f22.css]
[nva.nirmanavisual.com/pemogan/wp-content/plugins/rometheme-for-elementor/widgets/assets/css/counter1f22.css]
[nva.nirmanavisual.com/pemogan/wp-content/plugins/rometheme-for-elementor/widgets/assets/css/countdown1f22.css]
[nva.nirmanavisual.com/pemogan/wp-content/plugins/rometheme-for-elementor/widgets/assets/css/pricelist1f22.css]
[nva.nirmanavisual.com/pemogan/wp-content/plugins/rometheme-for-elementor/widgets/assets/css/advanced_heading1f22.css]
[nva.nirmanavisual.com/pemogan/wp-content/plugins/rometheme-for-elementor/widgets/assets/css/image_comparison1f22.css]
[nva.nirmanavisual.com/pemogan/wp-content/plugins/rometheme-for-elementor/widgets/assets/css/postlist1f22.css]
[nva.nirmanavisual.com/pemogan/wp-content/plugins/rometheme-for-elementor/widgets/assets/css/pricingbox1f22.css]
[nva.nirmanavisual.com/pemogan/wp-content/plugins/rometheme-for-elementor/widgets/assets/css/image_box1f22.css]
[nva.nirmanavisual.com/pemogan/wp-content/plugins/rometheme-for-elementor/widgets/assets/css/image_accordion1f22.css]
[nva.nirmanavisual.com/pemogan/wp-content/plugins/rometheme-for-elementor/widgets/assets/css/dual_button1f22.css]
[nva.nirmanavisual.com/pemogan/wp-content/plugins/rometheme-for-elementor/widgets/assets/css/image_gallery1f22.css]
[nva.nirmanavisual.com/pemogan/wp-content/plugins/rometheme-for-elementor/widgets/assets/css/home_slider1f22.css]
[nva.nirmanavisual.com/pemogan/wp-content/plugins/rometheme-for-elementor/widgets/assets/css/woo_product_grid1f22.css]
[nva.nirmanavisual.com/pemogan/wp-content/plugins/rometheme-for-elementor/widgets/assets/css/client_grid1f22.css]
[nva.nirmanavisual.com/pemogan/wp-content/plugins/rometheme-for-elementor/widgets/assets/css/barchart1f22.css]
[nva.nirmanavisual.com/pemogan/wp-content/plugins/rometheme-for-elementor/widgets/assets/css/linechart1f22.css]
[nva.nirmanavisual.com/pemogan/wp-content/plugins/rometheme-for-elementor/widgets/assets/css/piechart1f22.css]
[nva.nirmanavisual.com/pemogan/wp-content/plugins/rometheme-for-elementor/widgets/assets/css/back_to_top1f22.css]
[nva.nirmanavisual.com/pemogan/wp-content/plugins/rometheme-for-elementor/widgets/assets/css/video_button1f22.css]
[nva.nirmanavisual.com/pemogan/wp-content/plugins/rometheme-for-elementor/widgets/assets/css/glightbox.min1f22.css]
[nva.nirmanavisual.com/pemogan/wp-content/plugins/rometheme-for-elementor/assets/css/rtmicon-regular.css]
[nva.nirmanavisual.com/pemogan/wp-content/plugins/rometheme-for-elementor/assets/css/rtmicons1f22.css]
[nva.nirmanavisual.com/pemogan/wp-content/plugins/rometheme-for-elementor/assets/css/rkit1f22.css]
[nva.nirmanavisual.com/pemogan/wp-content/plugins/template-kit-export/assets/public/template-kit-export-public982a.css]
[nva.nirmanavisual.com/pemogan/wp-content/plugins/woocommerce/assets/css/woocommerce-layoutc650.css]
[nva.nirmanavisual.com/pemogan/wp-content/plugins/woocommerce/assets/css/woocommerce-smallscreenc650.css]
[nva.nirmanavisual.com/pemogan/wp-content/plugins/woocommerce/assets/css/woocommercec650.css]
[nva.nirmanavisual.com/pemogan/wp-content/plugins/header-footer-elementor/assets/css/header-footer-elementorad2f.css]
[nva.nirmanavisual.com/pemogan/wp-content/plugins/elementor/assets/css/frontend.min242d.css]
[nva.nirmanavisual.com/pemogan/wp-content/uploads/sites/38/elementor/css/post-399b4.css]
[nva.nirmanavisual.com/pemogan/wp-content/plugins/rometheme-for-elementor/assets/css/tooltip1f22.css]
[nva.nirmanavisual.com/pemogan/wp-content/plugins/jetsticky-for-elementor/assets/css/jet-sticky-frontend4b68.css]
[nva.nirmanavisual.com/pemogan/wp-content/plugins/elementor/assets/lib/animations/styles/fadeInRight.min242d.css]
[nva.nirmanavisual.com/pemogan/wp-content/plugins/elementor/assets/css/widget-heading.min242d.css]
[nva.nirmanavisual.com/pemogan/wp-content/plugins/elementor/assets/css/widget-icon-list.min242d.css]
[nva.nirmanavisual.com/pemogan/wp-content/plugins/elementor/assets/css/widget-icon-box.min242d.css]
[nva.nirmanavisual.com/pemogan/wp-content/plugins/elementor/assets/lib/animations/styles/fadeInLeft.min242d.css]
[nva.nirmanavisual.com/pemogan/wp-content/plugins/elementor/assets/css/widget-counter.min242d.css]
[nva.nirmanavisual.com/pemogan/wp-content/plugins/elementor/assets/lib/animations/styles/zoomIn.min242d.css]
[nva.nirmanavisual.com/pemogan/wp-content/plugins/elementor/assets/css/widget-image.min242d.css]
[nva.nirmanavisual.com/pemogan/wp-content/plugins/elementor/assets/lib/animations/styles/e-animation-shrink.min242d.css]
[nva.nirmanavisual.com/pemogan/wp-content/plugins/elementor/assets/lib/animations/styles/fadeInDown.min242d.css]
[nva.nirmanavisual.com/pemogan/wp-content/plugins/elementor/assets/css/widget-nested-tabs.min242d.css]
[nva.nirmanavisual.com/pemogan/wp-content/plugins/elementor/assets/lib/animations/styles/fadeInUp.min242d.css]
[nva.nirmanavisual.com/pemogan/wp-content/plugins/elementor/assets/lib/animations/styles/fadeIn.min242d.css]
[nva.nirmanavisual.com/pemogan/wp-content/plugins/rometheme-for-elementor/assets/css/rtmicon-thin.css]
[nva.nirmanavisual.com/pemogan/wp-content/uploads/sites/38/2025/08/Background-Gradient-Pemogan-3.png]
[nva.nirmanavisual.com/pemogan/wp-content/uploads/sites/38/2025/08/Frame-Hiro-Pemogan.png]
[nva.nirmanavisual.com/pemogan/wp-content/uploads/sites/38/2025/08/Frame-BG-why-Choose-Us-1.png]
[nva.nirmanavisual.com/pemogan/wp-content/uploads/sites/38/2025/08/BG-Gradient-Our-Teams.png]
[nva.nirmanavisual.com/pemogan/wp-content/uploads/sites/38/2025/08/Frame-Hiro-Pemogan-Tablet.png]
[nva.nirmanavisual.com/pemogan/wp-content/uploads/sites/38/elementor/css/post-412665.css]
[nva.nirmanavisual.com/pemogan/wp-content/uploads/sites/38/elementor/css/post-592ae.css]
[nva.nirmanavisual.com/pemogan/wp-content/uploads/sites/38/2025/08/BG-Gradient-Footer-Pemogan-2.png]
[nva.nirmanavisual.com/pemogan/wp-content/uploads/sites/38/elementor/css/post-792ae.css]
[nva.nirmanavisual.com/pemogan/wp-content/plugins/woocommerce/assets/css/brandsc650.css]
[nva.nirmanavisual.com/pemogan/wp-content/plugins/metform/public/assets/css/metform-ui5fc8.css]
[nva.nirmanavisual.com/pemogan/wp-content/plugins/metform/public/assets/css/style5fc8.css]
[nva.nirmanavisual.com/pemogan/wp-content/plugins/metform/public/assets/lib/cute-alert/style5fc8.css]
[nva.nirmanavisual.com/pemogan/wp-content/plugins/metform/public/assets/css/text-editor5fc8.css]
[nva.nirmanavisual.com/pemogan/wp-content/themes/hello-elementor/assets/css/resetedb1.css]
[nva.nirmanavisual.com/pemogan/wp-content/themes/hello-elementor/assets/css/themeedb1.css]
[nva.nirmanavisual.com/pemogan/wp-content/themes/hello-elementor/assets/css/header-footeredb1.css]
[nva.nirmanavisual.com/pemogan/wp-content/plugins/elementor/assets/lib/eicons/css/elementor-icons.min705c.css]
[nva.nirmanavisual.com/pemogan/wp-content/plugins/elementor/assets/css/widget-icon-list.min44b4.css]
[nva.nirmanavisual.com/pemogan/wp-content/plugins/elementor/assets/css/widget-social-icons.min2401.css]
[nva.nirmanavisual.com/pemogan/wp-content/plugins/elementor/assets/lib/font-awesome/css/brands52d5.css]
[nva.nirmanavisual.com/pemogan/wp-content/plugins/elementor/assets/lib/font-awesome/css/fontawesome52d5.css]
[nva.nirmanavisual.com/pemogan/wp-content/plugins/elementor/assets/lib/font-awesome/css/solid52d5.css]
[nva.nirmanavisual.com/pemogan/wp-content/plugins/elementskit-lite/widgets/init/assets/img/arrow.png]
[nva.nirmanavisual.com/pemogan/wp-content/plugins/elementskit-lite/widgets/init/assets/img/sort_asc.png]
[nva.nirmanavisual.com/pemogan/wp-content/plugins/elementskit-lite/widgets/init/assets/img/sort_desc.png]
[nva.nirmanavisual.com/pemogan/wp-content/plugins/elementskit-lite/widgets/init/assets/img/sort_asc_disabled.png]
[nva.nirmanavisual.com/pemogan/wp-content/plugins/elementskit-lite/widgets/init/assets/css/widget-stylesa7a0.css]
[nva.nirmanavisual.com/pemogan/wp-content/plugins/elementskit-lite/widgets/init/assets/css/responsivea7a0.css]
[nva.nirmanavisual.com/pemogan/wp-content/uploads/sites/38/elementor/google-fonts/css/instrumentsans3f6d.css]
[nva.nirmanavisual.com/pemogan/wp-content/uploads/sites/38/elementor/google-fonts/css/inter51e5.css]
[nva.nirmanavisual.com/pemogan/wp-content/plugins/elementskit-lite/modules/elementskit-icon-pack/assets/css/ekiticonsa7a0.css]
[nva.nirmanavisual.com/pemogan/wp-content/plugins/jeg-elementor-kit/assets/fonts/jkiticon/jkiticon7107.woff2]
[nva.nirmanavisual.com/pemogan/wp-content/plugins/jeg-elementor-kit/assets/fonts/jkiticon/jkiticon7107.eot]
[nva.nirmanavisual.com/pemogan/wp-content/plugins/jeg-elementor-kit/assets/fonts/jkiticon/jkiticon7107.woff]
[nva.nirmanavisual.com/pemogan/wp-content/plugins/jeg-elementor-kit/assets/fonts/jkiticon/jkiticon32bb.css]
[nva.nirmanavisual.com/pemogan/wp-content/plugins/woocommerce/assets/client/blocks/wc-blocks9652.css]
[nva.nirmanavisual.com/pemogan/wp-content/plugins/jeg-elementor-kit/lib/jeg-framework/assets/css/jeg-dynamic-styles6f3e.css]
[nva.nirmanavisual.com/pemogan/wp-content/plugins/elementor/assets/lib/font-awesome/css/all.min99bd.css]
[nva.nirmanavisual.com/pemogan/wp-content/plugins/elementor/assets/lib/font-awesome/css/v4-shims.min242d.css]
[nva.nirmanavisual.com/pemogan/wp-content/uploads/sites/38/elementor/css/post-2951304.css]
[nva.nirmanavisual.com/pemogan/wp-content/plugins/elementor/assets/css/widget-social-icons.min242d.css]
[nva.nirmanavisual.com/pemogan/wp-content/plugins/elementor/assets/css/conditionals/apple-webkit.min242d.css]
[nva.nirmanavisual.com/pemogan/wp-content/plugins/jeg-elementor-kit/assets/fonts/jkiticon/jkiticon7107.ttf]
[nva.nirmanavisual.com/pemogan/wp-content/uploads/sites/38/2025/08/BG-Gradient-Page-Menus.png]
[nva.nirmanavisual.com/pemogan/wp-content/uploads/sites/38/elementor/css/post-395295.css]
[nva.nirmanavisual.com/pemogan/wp-content/uploads/sites/38/elementor/css/post-37febc.css]
[nva.nirmanavisual.com/pemogan/wp-content/uploads/sites/38/2025/08/BG-Frame-About-Us-4-Pemogan.png]
[nva.nirmanavisual.com/pemogan/wp-content/uploads/sites/38/elementor/css/post-275dc5.css]
[nva.nirmanavisual.com/pemogan/wp-content/plugins/elementor/assets/css/widget-nested-accordion.min242d.css]
[nva.nirmanavisual.com/pemogan/wp-content/uploads/sites/38/elementor/css/post-259cba.css]
[nva.nirmanavisual.com/pemogan/wp-content/uploads/sites/38/elementor/css/post-23a3b3.css]
[nva.nirmanavisual.com/pemogan/wp-content/uploads/sites/38/elementor/css/post-21cbba.css]
[nva.nirmanavisual.com/pemogan/wp-content/uploads/sites/38/elementor/css/post-11fd47.css]
[nva.nirmanavisual.com/pemogan/wp-content/plugins/themesflat-addons-for-elementor/assets/css/owl.video.play.html]
[nva.nirmanavisual.com/pemogan/wp-content/plugins/rometheme-for-elementor/assets/css/rtmicon-regular.css]
[nva.nirmanavisual.com/pemogan/wp-content/plugins/rometheme-for-elementor/assets/css/rtmicon-thin.css]
[nva.nirmanavisual.com/pemogan/wp-content/plugins/jeg-elementor-kit/assets/fonts/jkiticon/jkiticon7107.svg]
[nva.nirmanavisual.com/pemogan/wp-content/plugins/jeg-elementor-kit/assets/fonts/jkiticon/jkiticon7107.svg]
